------------------------------------------------------------
Timing Analyzer Summary
------------------------------------------------------------

Type  : Slow 1200mV 85C Model Setup 'MAX10_CLK1_50'
Slack : -6.445
TNS   : -95.362

Type  : Slow 1200mV 85C Model Setup 'altera_reserved_tck'
Slack : 43.095
TNS   : 0.000

Type  : Slow 1200mV 85C Model Setup 'pll_for_uart|altpll_component|auto_generated|pll1|clk[1]'
Slack : 6501.637
TNS   : 0.000

Type  : Slow 1200mV 85C Model Setup 'pll_for_uart|altpll_component|auto_generated|pll1|clk[0]'
Slack : 52072.132
TNS   : 0.000

Type  : Slow 1200mV 85C Model Hold 'MAX10_CLK1_50'
Slack : 0.249
TNS   : 0.000

Type  : Slow 1200mV 85C Model Hold 'altera_reserved_tck'
Slack : 0.328
TNS   : 0.000

Type  : Slow 1200mV 85C Model Hold 'pll_for_uart|altpll_component|auto_generated|pll1|clk[1]'
Slack : 0.340
TNS   : 0.000

Type  : Slow 1200mV 85C Model Hold 'pll_for_uart|altpll_component|auto_generated|pll1|clk[0]'
Slack : 0.348
TNS   : 0.000

Type  : Slow 1200mV 85C Model Recovery 'altera_reserved_tck'
Slack : 95.568
TNS   : 0.000

Type  : Slow 1200mV 85C Model Removal 'altera_reserved_tck'
Slack : 0.906
TNS   : 0.000

Type  : Slow 1200mV 85C Model Minimum Pulse Width 'MAX10_CLK1_50'
Slack : 9.488
TNS   : 0.000

Type  : Slow 1200mV 85C Model Minimum Pulse Width 'MAX10_CLK2_50'
Slack : 16.000
TNS   : 0.000

Type  : Slow 1200mV 85C Model Minimum Pulse Width 'altera_reserved_tck'
Slack : 49.525
TNS   : 0.000

Type  : Slow 1200mV 85C Model Minimum Pulse Width 'ADC_CLK_10'
Slack : 49.829
TNS   : 0.000

Type  : Slow 1200mV 85C Model Minimum Pulse Width 'pll_for_uart|altpll_component|auto_generated|pll1|clk[1]'
Slack : 3254.887
TNS   : 0.000

Type  : Slow 1200mV 85C Model Minimum Pulse Width 'pll_for_uart|altpll_component|auto_generated|pll1|clk[0]'
Slack : 26041.364
TNS   : 0.000

Type  : Slow 1200mV 0C Model Setup 'MAX10_CLK1_50'
Slack : -6.334
TNS   : -94.080

Type  : Slow 1200mV 0C Model Setup 'altera_reserved_tck'
Slack : 43.553
TNS   : 0.000

Type  : Slow 1200mV 0C Model Setup 'pll_for_uart|altpll_component|auto_generated|pll1|clk[1]'
Slack : 6502.242
TNS   : 0.000

Type  : Slow 1200mV 0C Model Setup 'pll_for_uart|altpll_component|auto_generated|pll1|clk[0]'
Slack : 52072.840
TNS   : 0.000

Type  : Slow 1200mV 0C Model Hold 'MAX10_CLK1_50'
Slack : 0.253
TNS   : 0.000

Type  : Slow 1200mV 0C Model Hold 'altera_reserved_tck'
Slack : 0.305
TNS   : 0.000

Type  : Slow 1200mV 0C Model Hold 'pll_for_uart|altpll_component|auto_generated|pll1|clk[1]'
Slack : 0.305
TNS   : 0.000

Type  : Slow 1200mV 0C Model Hold 'pll_for_uart|altpll_component|auto_generated|pll1|clk[0]'
Slack : 0.312
TNS   : 0.000

Type  : Slow 1200mV 0C Model Recovery 'altera_reserved_tck'
Slack : 95.975
TNS   : 0.000

Type  : Slow 1200mV 0C Model Removal 'altera_reserved_tck'
Slack : 0.832
TNS   : 0.000

Type  : Slow 1200mV 0C Model Minimum Pulse Width 'MAX10_CLK1_50'
Slack : 9.505
TNS   : 0.000

Type  : Slow 1200mV 0C Model Minimum Pulse Width 'MAX10_CLK2_50'
Slack : 16.000
TNS   : 0.000

Type  : Slow 1200mV 0C Model Minimum Pulse Width 'altera_reserved_tck'
Slack : 49.541
TNS   : 0.000

Type  : Slow 1200mV 0C Model Minimum Pulse Width 'ADC_CLK_10'
Slack : 49.767
TNS   : 0.000

Type  : Slow 1200mV 0C Model Minimum Pulse Width 'pll_for_uart|altpll_component|auto_generated|pll1|clk[1]'
Slack : 3254.908
TNS   : 0.000

Type  : Slow 1200mV 0C Model Minimum Pulse Width 'pll_for_uart|altpll_component|auto_generated|pll1|clk[0]'
Slack : 26041.379
TNS   : 0.000

Type  : Fast 1200mV 0C Model Setup 'MAX10_CLK1_50'
Slack : -3.406
TNS   : -49.689

Type  : Fast 1200mV 0C Model Setup 'altera_reserved_tck'
Slack : 47.129
TNS   : 0.000

Type  : Fast 1200mV 0C Model Setup 'pll_for_uart|altpll_component|auto_generated|pll1|clk[1]'
Slack : 6506.502
TNS   : 0.000

Type  : Fast 1200mV 0C Model Setup 'pll_for_uart|altpll_component|auto_generated|pll1|clk[0]'
Slack : 52077.724
TNS   : 0.000

Type  : Fast 1200mV 0C Model Hold 'MAX10_CLK1_50'
Slack : 0.098
TNS   : 0.000

Type  : Fast 1200mV 0C Model Hold 'altera_reserved_tck'
Slack : 0.123
TNS   : 0.000

Type  : Fast 1200mV 0C Model Hold 'pll_for_uart|altpll_component|auto_generated|pll1|clk[1]'
Slack : 0.148
TNS   : 0.000

Type  : Fast 1200mV 0C Model Hold 'pll_for_uart|altpll_component|auto_generated|pll1|clk[0]'
Slack : 0.152
TNS   : 0.000

Type  : Fast 1200mV 0C Model Recovery 'altera_reserved_tck'
Slack : 97.786
TNS   : 0.000

Type  : Fast 1200mV 0C Model Removal 'altera_reserved_tck'
Slack : 0.405
TNS   : 0.000

Type  : Fast 1200mV 0C Model Minimum Pulse Width 'MAX10_CLK1_50'
Slack : 9.266
TNS   : 0.000

Type  : Fast 1200mV 0C Model Minimum Pulse Width 'MAX10_CLK2_50'
Slack : 16.000
TNS   : 0.000

Type  : Fast 1200mV 0C Model Minimum Pulse Width 'altera_reserved_tck'
Slack : 49.390
TNS   : 0.000

Type  : Fast 1200mV 0C Model Minimum Pulse Width 'ADC_CLK_10'
Slack : 49.528
TNS   : 0.000

Type  : Fast 1200mV 0C Model Minimum Pulse Width 'pll_for_uart|altpll_component|auto_generated|pll1|clk[1]'
Slack : 3254.922
TNS   : 0.000

Type  : Fast 1200mV 0C Model Minimum Pulse Width 'pll_for_uart|altpll_component|auto_generated|pll1|clk[0]'
Slack : 26041.393
TNS   : 0.000

------------------------------------------------------------
