------------------------------------------------------------
Timing Analyzer Summary
------------------------------------------------------------

Type  : Slow 1200mV 85C Model Setup 'ADC_CLK_10'
Slack : 55.346
TNS   : 0.000

Type  : Slow 1200mV 85C Model Setup 'pll_for_uart|altpll_component|auto_generated|pll1|clk[0]'
Slack : 52074.035
TNS   : 0.000

Type  : Slow 1200mV 85C Model Hold 'ADC_CLK_10'
Slack : 0.248
TNS   : 0.000

Type  : Slow 1200mV 85C Model Hold 'pll_for_uart|altpll_component|auto_generated|pll1|clk[0]'
Slack : 0.343
TNS   : 0.000

Type  : Slow 1200mV 85C Model Minimum Pulse Width 'MAX10_CLK1_50'
Slack : 16.000
TNS   : 0.000

Type  : Slow 1200mV 85C Model Minimum Pulse Width 'MAX10_CLK2_50'
Slack : 16.000
TNS   : 0.000

Type  : Slow 1200mV 85C Model Minimum Pulse Width 'ADC_CLK_10'
Slack : 49.538
TNS   : 0.000

Type  : Slow 1200mV 85C Model Minimum Pulse Width 'pll_for_uart|altpll_component|auto_generated|pll1|clk[0]'
Slack : 26041.376
TNS   : 0.000

Type  : Slow 1200mV 0C Model Setup 'ADC_CLK_10'
Slack : 59.071
TNS   : 0.000

Type  : Slow 1200mV 0C Model Setup 'pll_for_uart|altpll_component|auto_generated|pll1|clk[0]'
Slack : 52074.767
TNS   : 0.000

Type  : Slow 1200mV 0C Model Hold 'ADC_CLK_10'
Slack : 0.248
TNS   : 0.000

Type  : Slow 1200mV 0C Model Hold 'pll_for_uart|altpll_component|auto_generated|pll1|clk[0]'
Slack : 0.309
TNS   : 0.000

Type  : Slow 1200mV 0C Model Minimum Pulse Width 'MAX10_CLK1_50'
Slack : 16.000
TNS   : 0.000

Type  : Slow 1200mV 0C Model Minimum Pulse Width 'MAX10_CLK2_50'
Slack : 16.000
TNS   : 0.000

Type  : Slow 1200mV 0C Model Minimum Pulse Width 'ADC_CLK_10'
Slack : 49.548
TNS   : 0.000

Type  : Slow 1200mV 0C Model Minimum Pulse Width 'pll_for_uart|altpll_component|auto_generated|pll1|clk[0]'
Slack : 26041.377
TNS   : 0.000

Type  : Fast 1200mV 0C Model Setup 'ADC_CLK_10'
Slack : 82.077
TNS   : 0.000

Type  : Fast 1200mV 0C Model Setup 'pll_for_uart|altpll_component|auto_generated|pll1|clk[0]'
Slack : 52079.268
TNS   : 0.000

Type  : Fast 1200mV 0C Model Hold 'ADC_CLK_10'
Slack : 0.100
TNS   : 0.000

Type  : Fast 1200mV 0C Model Hold 'pll_for_uart|altpll_component|auto_generated|pll1|clk[0]'
Slack : 0.150
TNS   : 0.000

Type  : Fast 1200mV 0C Model Minimum Pulse Width 'MAX10_CLK1_50'
Slack : 16.000
TNS   : 0.000

Type  : Fast 1200mV 0C Model Minimum Pulse Width 'MAX10_CLK2_50'
Slack : 16.000
TNS   : 0.000

Type  : Fast 1200mV 0C Model Minimum Pulse Width 'ADC_CLK_10'
Slack : 49.226
TNS   : 0.000

Type  : Fast 1200mV 0C Model Minimum Pulse Width 'pll_for_uart|altpll_component|auto_generated|pll1|clk[0]'
Slack : 26041.397
TNS   : 0.000

------------------------------------------------------------
